
============================================================
2026-07-29T17:16:19.596001
Traceback (most recent call last):
  File "D:\Proyectos WARP\A webs\Proyecto Fabio Guernica\DESARROLLO\editor\main.py", line 311, in <module>
    window = MainWindow()
  File "D:\Proyectos WARP\A webs\Proyecto Fabio Guernica\DESARROLLO\editor\main.py", line 62, in __init__
    self._setup_ui()
    ~~~~~~~~~~~~~~^^
  File "D:\Proyectos WARP\A webs\Proyecto Fabio Guernica\DESARROLLO\editor\main.py", line 204, in _setup_ui
    tabs.addTab(NewsTab(self._refresh_preview), "Noticias")
                ~~~~~~~^^^^^^^^^^^^^^^^^^^^^^^
  File "D:\Proyectos WARP\A webs\Proyecto Fabio Guernica\DESARROLLO\editor\tabs\news_tab.py", line 23, in __init__
    self.load_data()
    ~~~~~~~~~~~~~~^^
  File "D:\Proyectos WARP\A webs\Proyecto Fabio Guernica\DESARROLLO\editor\tabs\news_tab.py", line 87, in load_data
    self.articles = get_news()
                    ~~~~~~~~^^
  File "D:\Proyectos WARP\A webs\Proyecto Fabio Guernica\DESARROLLO\editor\services\html_generator.py", line 105, in get_news
    html = _read("news.html")
  File "D:\Proyectos WARP\A webs\Proyecto Fabio Guernica\DESARROLLO\editor\services\html_generator.py", line 23, in _read
    return f.read()
           ~~~~~~^^
  File "<frozen codecs>", line 325, in decode
UnicodeDecodeError: 'utf-8' codec can't decode byte 0xe1 in position 83: invalid continuation byte

